// Jest Snapshot v1, https://goo.gl/fbAQLP

exports[`testing component <Index/> mount component <Index/> 1`] = `
<div
  className="body"
>
  <h1>
    Friends
  </h1>
  <div
    className="error"
  >
    Loading friends...
  </div>
  <div
    className="box"
  >
    <ul />
  </div>
</div>
`;

exports[`testing component <Index/> shallow component <Index/> 1`] = `
<Router
  location={
    Object {
      "hash": "",
      "key": "tgzkss44",
      "pathname": "/",
      "search": "",
      "state": null,
    }
  }
  navigationType="POP"
  navigator={
    Object {
      "action": "POP",
      "back": [Function],
      "block": [Function],
      "createHref": [Function],
      "forward": [Function],
      "go": [Function],
      "index": 0,
      "listen": [Function],
      "location": Object {
        "hash": "",
        "key": "tgzkss44",
        "pathname": "/",
        "search": "",
        "state": null,
      },
      "push": [Function],
      "replace": [Function],
    }
  }
>
  <Provider
    store={
      Object {
        "@@observable": [Function],
        "dispatch": [Function],
        "getState": [Function],
        "replaceReducer": [Function],
        "subscribe": [Function],
      }
    }
  >
    <Index />
  </Provider>
</Router>
`;
