// Jest Snapshot v1, https://goo.gl/fbAQLP

exports[`testing component <Show/> snapshot to component <Show/> 1`] = `
<Router
  location={
    Object {
      "hash": "",
      "key": "5x9zsih8",
      "pathname": "/",
      "search": "",
      "state": null,
    }
  }
  navigationType="POP"
  navigator={
    Object {
      "action": "POP",
      "back": [Function],
      "block": [Function],
      "createHref": [Function],
      "forward": [Function],
      "go": [Function],
      "index": 0,
      "listen": [Function],
      "location": Object {
        "hash": "",
        "key": "5x9zsih8",
        "pathname": "/",
        "search": "",
        "state": null,
      },
      "push": [Function],
      "replace": [Function],
    }
  }
>
  <Provider
    store={
      Object {
        "@@observable": [Function],
        "dispatch": [Function],
        "getState": [Function],
        "replaceReducer": [Function],
        "subscribe": [Function],
      }
    }
  >
    <Show />
  </Provider>
</Router>
`;
